[surveypesa.co.ke/index.html]
[backblue.gif]
[fade.gif]
[index.html]
[surveypesa.co.ke/feed]
[surveypesa.co.ke/comments/feed]
[surveypesa.co.ke/wp-json/oembed/1.0/embedaeb8.json]
[surveypesa.co.ke/wp-json/oembed/1.0/embed975b]
[surveypesa.co.ke/wp-content/cache/wpo-minify/1786367125/assets/wpo-minify-header-font-awesome-5-all1788238164.min.css]
[surveypesa.co.ke/wp-content/cache/wpo-minify/1786367125/assets/wpo-minify-header-font-awesome-4-shim1788238164.min.css]
[surveypesa.co.ke/wp-content/cache/wpo-minify/1786367125/assets/wpo-minify-header-jkit-elements-main1789102658.min.css]
[surveypesa.co.ke/wp-content/plugins/elementor/assets/css/frontend.min4189.css]
[surveypesa.co.ke/wp-content/cache/wpo-minify/1786367125/assets/wpo-minify-header-elementor-post-13431788953078.min.css]
[surveypesa.co.ke/wp-content/plugins/elementor/assets/lib/animations/styles/e-animation-hang.min4189.css]
[surveypesa.co.ke/wp-content/plugins/elementor/assets/css/widget-image.min4189.css]
[surveypesa.co.ke/wp-content/plugins/elementor/assets/css/widget-heading.min4189.css]
[surveypesa.co.ke/wp-content/cache/wpo-minify/1786367125/assets/wpo-minify-header-tiny-slider1789102658.min.css]
[surveypesa.co.ke/wp-content/plugins/elementor/assets/css/widget-spacer.min4189.css]
[surveypesa.co.ke/wp-content/cache/wpo-minify/1786367125/assets/wpo-minify-header-elementor-post-1061788953089.min.css]
[surveypesa.co.ke/wp-content/cache/wpo-minify/1786367125/assets/wpo-minify-header-cute-alert1788152340.min.css]
[surveypesa.co.ke/wp-content/cache/wpo-minify/1786367125/assets/wpo-minify-header-text-editor-style1788152340.min.css]
[surveypesa.co.ke/wp-content/cache/wpo-minify/1786367125/assets/wpo-minify-header-hello-biz1765898443.min.css]
[surveypesa.co.ke/wp-content/cache/wpo-minify/1786367125/assets/wpo-minify-header-hello-biz-header-footer1765898443.min.css]
[surveypesa.co.ke/wp-content/plugins/elementor/assets/css/widget-icon-list.min4189.css]
[surveypesa.co.ke/wp-content/cache/wpo-minify/1786367125/assets/wpo-minify-header-elementor-post-12731788953078.min.css]
[surveypesa.co.ke/wp-content/cache/wpo-minify/1786367125/assets/wpo-minify-header-elementor-post-12751788953078.min.css]
[surveypesa.co.ke/wp-content/cache/wpo-minify/1786367125/assets/wpo-minify-header-elementor-gf-dmsans.min.css]
[surveypesa.co.ke/wp-content/cache/wpo-minify/1786367125/assets/wpo-minify-header-elementor-gf-inter.min.css]
[surveypesa.co.ke/wp-content/cache/wpo-minify/1786367125/assets/wpo-minify-header-elementor-icons-jkiticon1789102658.min.css]
[surveypesa.co.ke/wp-includes/js/jquery/jquery.minf43b.js]
[surveypesa.co.ke/wp-includes/js/jquery/jquery-migrate.min5589.js]
[surveypesa.co.ke/wp-content/plugins/elementor/assets/lib/font-awesome/js/v4-shims.min4189.js]
[surveypesa.co.ke/wp-json/wp/v2/pages/106.json]
[surveypesa.co.ke/wp-json/index.html]
[t.contentsquare.net/uxa/3247def8269d4.js]
[surveypesa.co.ke/wp-content/uploads/2026/02/surveypesa_favicon-150x150.png]
[surveypesa.co.ke/wp-content/uploads/2026/02/surveypesa_favicon-300x300.png]
[surveypesa.co.ke/wp-content/uploads/2026/02/New-Project-85.webp]
[surveypesa.co.ke/survey-money-blog.html]
[surveypesa.co.ke/survey-registration.html]
[surveypesa.co.ke/contact-us.html]
[surveypesa.co.ke/survey-scam-protection.html]
[surveypesa.co.ke/about-survey-money.html]
[surveypesa.co.ke/users.html]
[surveypesa.co.ke/pay.html]
[surveypesa.co.ke/pay-99.html]
[surveypesa.co.ke/pay-149.html]
[surveypesa.co.ke/wp-content/uploads/2025/12/logo-dark.png]
[surveypesa.co.ke/wp-content/uploads/2025/12/icon-shield2.png]
[surveypesa.co.ke/wp-content/uploads/2025/12/icon-money.png]
[surveypesa.co.ke/wp-content/uploads/2025/12/bg-circle.png]
[surveypesa.co.ke/wp-content/uploads/2025/12/logo-waveless.png]
[surveypesa.co.ke/wp-content/uploads/2025/12/logo-sitemark.png]
[surveypesa.co.ke/wp-content/uploads/2025/12/logo-umbrella.png]
[surveypesa.co.ke/wp-content/uploads/2025/12/logo-network.png]
[surveypesa.co.ke/wp-content/uploads/2026/02/online-surveys-that-pay-money.webp]
[surveypesa.co.ke/wp-content/uploads/2026/02/surveys-for-money-1-1-771x1024.webp]
[surveypesa.co.ke/wp-content/uploads/2025/12/line.png]
[surveypesa.co.ke/wp-content/uploads/2025/12/instant-porridge-5-150x150.webp]
[surveypesa.co.ke/wp-content/uploads/2025/12/instant-porridge-5.webp]
[surveypesa.co.ke/wp-content/uploads/2025/12/instant-porridge-4-150x150.webp]
[surveypesa.co.ke/wp-content/uploads/2025/12/instant-porridge-4.webp]
[surveypesa.co.ke/wp-content/uploads/2025/12/instant-porridge-3-150x150.webp]
[surveypesa.co.ke/wp-content/uploads/2025/12/instant-porridge-3.webp]
[surveypesa.co.ke/wp-content/uploads/2025/12/instant-porridge-1-150x150.webp]
[surveypesa.co.ke/wp-content/uploads/2025/12/instant-porridge-1.webp]
[surveypesa.co.ke/wp-content/uploads/2025/12/business-finance-and-employment-female-successfu-D3NJMQX-e1694886011960.png]
[surveypesa.co.ke/terms-and-conditions.html]
[surveypesa.co.ke/privacy-policy.html]
[surveypesa.co.ke/wp-includes/js/jquery/ui/core.min0a10.js]
[surveypesa.co.ke/wp-content/plugins/elementor/assets/js/webpack.runtime.min4189.js]
[surveypesa.co.ke/wp-content/plugins/elementor/assets/js/frontend-modules.min4189.js]
[surveypesa.co.ke/wp-content/plugins/elementor/assets/js/frontend.min4189.js]
[surveypesa.co.ke/wp-includes/js/dist/vendor/react.mine1ab.js]
[surveypesa.co.ke/wp-includes/js/dist/vendor/react-dom.mine1ab.js]
[surveypesa.co.ke/indexe2f2.html]
[surveypesa.co.ke/wp-includes/js/dist/vendor/react-jsx-runtime.mincb06.js]
[surveypesa.co.ke/wp-includes/js/dist/escape-html.min5056.js]
[surveypesa.co.ke/wp-includes/js/dist/element.mincc2e.js]
[surveypesa.co.ke/wp-includes/js/dist/hooks.min4ce2.js]
[surveypesa.co.ke/wp-includes/js/dist/i18n.min99af.js]
[surveypesa.co.ke/wp-content/cache/wpo-minify/1786367125/assets/wpo-minify-footer-htm1788152340.min.js]
[surveypesa.co.ke/wp-content/cache/wpo-minify/1786367125/assets/wpo-minify-footer-metform-app1788152340.min.js]
[surveypesa.co.ke/wp-content/cache/wpo-minify/1786367125/assets/wpo-minify-footer-mf-widget-frontend1788152340.min.js]
[surveypesa.co.ke/wp-content/cache/wpo-minify/1786367125/assets/wpo-minify-footer-cute-alert1788152340.min.js]
[surveypesa.co.ke/wp-content/cache/wpo-minify/1786367125/assets/wpo-minify-footer-tiny-slider1789102658.min.js]
[surveypesa.co.ke/wp-content/cache/wpo-minify/1786367125/assets/wpo-minify-footer-jkit-element-navmenu1789102658.min.js]
[surveypesa.co.ke/wp-content/cache/wpo-minify/1786367125/assets/wpo-minify-footer-jkit-element-clientlogo1789102658.min.js]
[surveypesa.co.ke/wp-content/cache/wpo-minify/1786367125/assets/wpo-minify-footer-jkit-element-testimonials1789102658.min.js]
[surveypesa.co.ke/wp-content/cache/wpo-minify/1786367125/assets/wpo-minify-footer-jkit-element-accordion1789102658.min.js]
[surveypesa.co.ke/wp-content/plugins/pro-elements/assets/js/webpack-pro.runtime.mind341.js]
[surveypesa.co.ke/wp-content/plugins/pro-elements/assets/js/frontend.mind341.js]
[surveypesa.co.ke/wp-content/plugins/pro-elements/assets/js/elements-handlers.mind341.js]
[surveypesa.co.ke/index.html]
[surveypesa.co.ke/wp-content/cache/wpo-minify/1786367125/assets/wpo-minify-header-font-awesome-5-all1788238164.min.css]
[surveypesa.co.ke/wp-content/cache/wpo-minify/1786367125/assets/wpo-minify-header-font-awesome-4-shim1788238164.min.css]
[surveypesa.co.ke/wp-content/plugins/elementor/assets/lib/font-awesome/webfonts/fa-brands-400.eot]
[surveypesa.co.ke/wp-content/plugins/jeg-elementor-kit/assets/img/letter-x.svg]
[surveypesa.co.ke/wp-content/cache/wpo-minify/1786367125/assets/wpo-minify-header-jkit-elements-main1789102658.min.css]
[surveypesa.co.ke/wp-content/plugins/elementor/assets/css/frontend.min4189.css]
[surveypesa.co.ke/wp-content/cache/wpo-minify/1786367125/assets/wpo-minify-header-elementor-post-13431788953078.min.css]
[surveypesa.co.ke/wp-content/plugins/elementor/assets/lib/animations/styles/fadeIn.min4189.css]
[surveypesa.co.ke/wp-content/plugins/elementor/assets/lib/animations/styles/e-animation-hang.min4189.css]
[surveypesa.co.ke/wp-content/plugins/elementor/assets/lib/animations/styles/fadeInDown.min4189.css]
[surveypesa.co.ke/wp-content/plugins/elementor/assets/css/widget-image.min4189.css]
[surveypesa.co.ke/wp-content/plugins/elementor/assets/css/widget-heading.min4189.css]
[surveypesa.co.ke/wp-content/cache/wpo-minify/1786367125/assets/wpo-minify-header-tiny-slider1789102658.min.css]
[surveypesa.co.ke/wp-content/plugins/elementor/assets/css/widget-spacer.min4189.css]
[surveypesa.co.ke/wp-content/cache/wpo-minify/1786367125/assets/wpo-minify-header-elementor-post-1061788953089.min.css]
[surveypesa.co.ke/wp-content/cache/wpo-minify/1786367125/assets/wpo-minify-header-cute-alert1788152340.min.css]
[surveypesa.co.ke/wp-content/cache/wpo-minify/1786367125/assets/wpo-minify-header-text-editor-style1788152340.min.css]
[surveypesa.co.ke/wp-content/cache/wpo-minify/1786367125/assets/wpo-minify-header-hello-biz1765898443.min.css]
[surveypesa.co.ke/wp-content/cache/wpo-minify/1786367125/assets/wpo-minify-header-hello-biz-header-footer1765898443.min.css]
[surveypesa.co.ke/wp-content/plugins/elementor/assets/css/widget-icon-list.min4189.css]
[surveypesa.co.ke/wp-content/cache/wpo-minify/1786367125/assets/wpo-minify-header-elementor-post-12731788953078.min.css]
[surveypesa.co.ke/wp-content/uploads/2025/12/dot-pattern.png]
[surveypesa.co.ke/wp-content/cache/wpo-minify/1786367125/assets/wpo-minify-header-elementor-post-12751788953078.min.css]
[surveypesa.co.ke/wp-content/cache/wpo-minify/1786367125/assets/wpo-minify-header-elementor-gf-dmsans.min.css]
[surveypesa.co.ke/wp-content/cache/wpo-minify/1786367125/assets/wpo-minify-header-elementor-gf-inter.min.css]
[surveypesa.co.ke/wp-content/cache/wpo-minify/1786367125/assets/wpo-minify-header-elementor-icons-jkiticon1789102658.min.css]
[surveypesa.co.ke/xmlrpc0db0.html]
[surveypesa.co.ke/wp-content/plugins/jeg-elementor-kit/assets/fonts/jkiticon/jkiticon.eot]
[surveypesa.co.ke/survey-money-blog/page/2.html]
[surveypesa.co.ke/wp-includes/css/dist/block-library/style.min4d6f.css]
[surveypesa.co.ke/wp-content/cache/wpo-minify/1786367125/assets/wpo-minify-header-elementor-post-12891788953682.min.css]
[surveypesa.co.ke/online-jobs-in-kenya-using-your-smartphone.html]
[surveypesa.co.ke/surveypesa-vs-ysense-which-one-pays-faster.html]
[surveypesa.co.ke/surveypesa-vs-toluna-which-survey-site-works-best-in-kenya.html]
[surveypesa.co.ke/surveypesa-vs-swagbucks-can-kenyans-really-earn-more-locally.html]
[surveypesa.co.ke/chat-online-and-get-paid-in-kenya.html]
[surveypesa.co.ke/get-paid-to-chat-in-kenya-the-truth-about-chat-jobs-no-experience-needed.html]
[surveypesa.co.ke/wp-content/cache/wpo-minify/1786367125/assets/wpo-minify-footer-jkit-element-mailchimp1789102658.min.js]
[surveypesa.co.ke/wp-content/cache/wpo-minify/1786367125/assets/wpo-minify-footer-jkit-element-pagination1789102658.min.js]
[surveypesa.co.ke/survey-money-blog.html]
[surveypesa.co.ke/wp-json/oembed/1.0/embed0be2.json]
[surveypesa.co.ke/wp-json/oembed/1.0/embedb739]
[surveypesa.co.ke/wp-content/cache/wpo-minify/1786367125/assets/wpo-minify-header-elementor-post-611788953142.min.css]
[surveypesa.co.ke/wp-json/wp/v2/pages/61.json]
[surveypesa.co.ke/paid-surveys.html]
[surveypesa.co.ke/wp-content/plugins/jeg-elementor-kit/assets/js/sweetalert2/sweetalert2.min430c.css]
[surveypesa.co.ke/wp-content/cache/wpo-minify/1786367125/assets/wpo-minify-footer-user-registration-general1789102663.min.css]
[surveypesa.co.ke/wp-content/cache/wpo-minify/1786367125/assets/wpo-minify-footer-ltr-support1789102663.min.css]
[surveypesa.co.ke/wp-includes/css/dashicons.min4d6f.css]
[surveypesa.co.ke/wp-content/cache/wpo-minify/1786367125/assets/wpo-minify-footer-ur-frontend-small-screen1789102663.min.css]
[surveypesa.co.ke/wp-content/plugins/user-registration/assets/js/frontend/jquery.validate.min5441.js]
[surveypesa.co.ke/wp-content/plugins/user-registration/assets/js/inputmask/jquery.inputmask.bundle.minbf7b.js]
[surveypesa.co.ke/wp-content/plugins/user-registration/assets/js/frontend/user-registration.mina97a.js]
[surveypesa.co.ke/wp-content/plugins/user-registration/assets/js/frontend/user-registration-form-validator.mina97a.js]
[surveypesa.co.ke/wp-content/plugins/user-registration/assets/js/frontend/ur-common.mina97a.js]
[surveypesa.co.ke/wp-content/plugins/user-registration/assets/js/frontend/lost-password.mina97a.js]
[surveypesa.co.ke/survey-registration.html]
[surveypesa.co.ke/wp-json/oembed/1.0/embed055b.json]
[surveypesa.co.ke/wp-json/oembed/1.0/embedf1ff]
[surveypesa.co.ke/wp-content/plugins/elementor/assets/lib/animations/styles/e-animation-float.min4189.css]
[surveypesa.co.ke/wp-content/plugins/elementor/assets/css/widget-social-icons.min4189.css]
[surveypesa.co.ke/wp-content/plugins/elementor/assets/css/conditionals/apple-webkit.min4189.css]
[surveypesa.co.ke/wp-content/plugins/elementor/assets/css/widget-google_maps.min4189.css]
[surveypesa.co.ke/wp-content/cache/wpo-minify/1786367125/assets/wpo-minify-header-elementor-post-4291788956360.min.css]
[surveypesa.co.ke/wp-content/cache/wpo-minify/1786367125/assets/wpo-minify-header-metform-ui1788152340.min.css]
[surveypesa.co.ke/wp-content/cache/wpo-minify/1786367125/assets/wpo-minify-header-metform-style1788152340.min.css]
[surveypesa.co.ke/wp-json/wp/v2/pages/429.json]
[surveypesa.co.ke/wp-content/cache/wpo-minify/1786367125/assets/wpo-minify-footer-elementor-post-4371788956361.min.css]
[surveypesa.co.ke/wp-content/cache/wpo-minify/1786367125/assets/wpo-minify-footer-recaptcha-support1788152340.min.js]
[google.com/recaptcha/apib091.js]
[surveypesa.co.ke/contact-us.html]
[surveypesa.co.ke/wp-content/uploads/2026/02/surveys-for-money.webp]
[surveypesa.co.ke/wp-json/oembed/1.0/embed5ee0.json]
[surveypesa.co.ke/wp-json/oembed/1.0/embeda4c5]
[surveypesa.co.ke/survey-scam-protection.html]
[surveypesa.co.ke/wp-json/wp/v2/pages/432.json]
[surveypesa.co.ke/wp-content/uploads/2026/02/surveys-for-money-1-771x1024.webp]
[surveypesa.co.ke/wp-json/oembed/1.0/embeda84a.json]
[surveypesa.co.ke/wp-json/oembed/1.0/embed6b12]
[surveypesa.co.ke/wp-content/cache/wpo-minify/1786367125/assets/wpo-minify-header-elementor-post-6871788955328.min.css]
[surveypesa.co.ke/wp-json/wp/v2/pages/687.json]
[surveypesa.co.ke/wp-content/cache/wpo-minify/1786367125/assets/wpo-minify-footer-jkit-element-funfact1789102658.min.js]
[surveypesa.co.ke/about-survey-money.html]
[surveypesa.co.ke/wp-json/oembed/1.0/embed8787.json]
[surveypesa.co.ke/wp-json/oembed/1.0/embed9ef9]
[surveypesa.co.ke/wp-content/cache/wpo-minify/1786367125/assets/wpo-minify-header-elementor-post-16871788953702.min.css]
[surveypesa.co.ke/users.html]
[surveypesa.co.ke/wp-json/wp/v2/pages/1687.json]
[surveypesa.co.ke/wp-json/oembed/1.0/embed2601.json]
[surveypesa.co.ke/wp-json/oembed/1.0/embed199d]
[surveypesa.co.ke/wp-content/cache/wpo-minify/1786367125/assets/wpo-minify-header-mpesa-stk-css1782402924.min.css]
[surveypesa.co.ke/wp-json/wp/v2/pages/1707.json]
[surveypesa.co.ke/wp-content/cache/wpo-minify/1786367125/assets/wpo-minify-footer-mpesa-stk-js1782402924.min.js]
[surveypesa.co.ke/pay.html]
[surveypesa.co.ke/wp-json/oembed/1.0/embed3430.json]
[surveypesa.co.ke/wp-json/oembed/1.0/embed0ca5]
[surveypesa.co.ke/wp-json/wp/v2/pages/1708.json]
[surveypesa.co.ke/pay-99.html]
[surveypesa.co.ke/wp-json/oembed/1.0/embed6b3b.json]
[surveypesa.co.ke/wp-json/oembed/1.0/embed0a0c]
[surveypesa.co.ke/wp-content/cache/wpo-minify/1786367125/assets/wpo-minify-header-elementor-post-17091788953347.min.css]
[surveypesa.co.ke/pay-149.html]
[surveypesa.co.ke/wp-json/wp/v2/pages/1709.json]
[surveypesa.co.ke/wp-json/oembed/1.0/embeda8d5.json]
[surveypesa.co.ke/wp-json/oembed/1.0/embed6e22]
[surveypesa.co.ke/terms-and-conditions.html]
[surveypesa.co.ke/wp-json/wp/v2/pages/448.json]
[surveypesa.co.ke/wp-json/oembed/1.0/embed8763.json]
[surveypesa.co.ke/wp-json/oembed/1.0/embed7cb8]
[surveypesa.co.ke/privacy-policy.html]
[surveypesa.co.ke/wp-json/wp/v2/pages/484.json]
[surveypesa.co.ke/wp-content/plugins/elementor/assets/lib/font-awesome/css/all.min4189.css]
[surveypesa.co.ke/wp-content/plugins/elementor/assets/lib/font-awesome/css/v4-shims.min4189.css]
[surveypesa.co.ke/wp-content/plugins/jeg-elementor-kit/assets/css/elements/mainecd5.css]
[surveypesa.co.ke/wp-content/uploads/elementor/css/post-13438196.css]
[surveypesa.co.ke/wp-content/plugins/metform/assets/libs/cute-alert/styleb2f9.css]
[surveypesa.co.ke/wp-content/plugins/metform/assets/libs/text-editor/text-editorb2f9.css]
[surveypesa.co.ke/wp-content/themes/hello-biz/assets/css/theme7359.css]
[surveypesa.co.ke/wp-content/themes/hello-biz/assets/css/header-footer7359.css]
[surveypesa.co.ke/wp-content/uploads/elementor/css/post-12738196.css]
[surveypesa.co.ke/wp-content/uploads/elementor/css/post-12758196.css]
[surveypesa.co.ke/wp-content/uploads/elementor/css/post-1289a24e.css]
[surveypesa.co.ke/wp-content/plugins/jeg-elementor-kit/assets/fonts/jkiticon/jkiticonecd5.css]
[surveypesa.co.ke/wp-content/plugins/metform/assets/libs/htm/htmb2f9.js]
[surveypesa.co.ke/wp-content/plugins/metform/build/frontend/app/index6eeb.js]
[surveypesa.co.ke/wp-content/plugins/metform/build/frontend/widget-bootstrap/index54e3.js]
[surveypesa.co.ke/wp-content/plugins/metform/assets/libs/cute-alert/cute-alertb2f9.js]
[surveypesa.co.ke/wp-content/plugins/jeg-elementor-kit/assets/js/elements/nav-menuecd5.js]
[surveypesa.co.ke/wp-content/plugins/jeg-elementor-kit/assets/js/elements/mailchimpecd5.js]
[surveypesa.co.ke/wp-content/plugins/jeg-elementor-kit/assets/js/elements/post-paginationecd5.js]
[surveypesa.co.ke/indexe2f2.html]
[surveypesa.co.ke/wp-content/plugins/jeg-elementor-kit/assets/img/letter-x.svg]
[surveypesa.co.ke/survey-money-blog/page/2.html]
[surveypesa.co.ke/wp-includes/css/dist/block-library/style.min4d6f.css]
[surveypesa.co.ke/wp-content/cache/wpo-minify/1786367125/assets/wpo-minify-header-elementor-post-12891788953682.min.css]
[surveypesa.co.ke/wp-json/oembed/1.0/embed4b5f.json]
[surveypesa.co.ke/wp-json/oembed/1.0/embed28e5]
[surveypesa.co.ke/wp-content/plugins/elementor/assets/css/widget-divider.min4189.css]
[surveypesa.co.ke/wp-content/cache/wpo-minify/1786367125/assets/wpo-minify-header-elementor-post-13551788953078.min.css]
[surveypesa.co.ke/wp-json/wp/v2/posts/1571.json]
[surveypesa.co.ke/online-jobs-in-kenya-using-your-smartphone.md]
[surveypesa.co.ke/category/online-jobs-kenya.html]
[surveypesa.co.ke/wp-content/uploads/2026/01/Sandy-Loading-1.gif]
[surveypesa.co.ke/online-jobs-in-kenya-using-your-smartphone.html]
[surveypesa.co.ke/wp-json/oembed/1.0/embed8383.json]
[surveypesa.co.ke/wp-json/oembed/1.0/embed0559]
[surveypesa.co.ke/wp-json/wp/v2/posts/1629.json]
[surveypesa.co.ke/surveypesa-vs-ysense-which-one-pays-faster.md]
[surveypesa.co.ke/category/paid-surveys-kenya.html]
[surveypesa.co.ke/registration]
[surveypesa.co.ke/surveypesa-vs-ysense-which-one-pays-faster.html]
[surveypesa.co.ke/wp-json/oembed/1.0/embeda2e8.json]
[surveypesa.co.ke/wp-json/oembed/1.0/embed9d27]
[surveypesa.co.ke/wp-json/wp/v2/posts/1626.json]
[surveypesa.co.ke/surveypesa-vs-toluna-which-survey-site-works-best-in-kenya.md]
[surveypesa.co.ke/surveypesa-vs-toluna-which-survey-site-works-best-in-kenya.html]
[surveypesa.co.ke/wp-json/oembed/1.0/embed4bbe.json]
[surveypesa.co.ke/wp-json/oembed/1.0/embeda632]
[surveypesa.co.ke/wp-json/wp/v2/posts/1623.json]
[surveypesa.co.ke/surveypesa-vs-swagbucks-can-kenyans-really-earn-more-locally.md]
[surveypesa.co.ke/surveypesa-vs-swagbucks-can-kenyans-really-earn-more-locally.html]
[surveypesa.co.ke/wp-json/oembed/1.0/embed871c.json]
[surveypesa.co.ke/wp-json/oembed/1.0/embed7a54]
[surveypesa.co.ke/wp-json/wp/v2/posts/1586.json]
[surveypesa.co.ke/chat-online-and-get-paid-in-kenya.md]
[surveypesa.co.ke/chat-online-and-get-paid-in-kenya.html]
[surveypesa.co.ke/wp-json/oembed/1.0/embedbf93.json]
[surveypesa.co.ke/wp-json/oembed/1.0/embed0c54]
[surveypesa.co.ke/wp-json/wp/v2/posts/1591.json]
[surveypesa.co.ke/get-paid-to-chat-in-kenya-the-truth-about-chat-jobs-no-experience-needed.md]
[surveypesa.co.ke/get-paid-to-chat-in-kenya-the-truth-about-chat-jobs-no-experience-needed.html]
[surveypesa.co.ke/wp-content/cache/wpo-minify/1786367125/assets/wpo-minify-header-elementor-post-611788953142.min.css]
[surveypesa.co.ke/index094d.html]
[surveypesa.co.ke/surveys-for-gift-cards.html]
[surveypesa.co.ke/wp-json/oembed/1.0/embedbc8e.json]
[surveypesa.co.ke/wp-json/oembed/1.0/embed0236]
[surveypesa.co.ke/wp-content/cache/wpo-minify/1786367125/assets/wpo-minify-header-elementor-post-321788953195.min.css]
[surveypesa.co.ke/wp-json/wp/v2/pages/32.json]
[surveypesa.co.ke/FAVICON]
[surveypesa.co.ke/activation.html]
[surveypesa.co.ke/SUPPORT_LINK]
[surveypesa.co.ke/TERMS_LINK]
[surveypesa.co.ke/PRIVACY_LINK]
[surveypesa.co.ke/ABOUT_LINK]
[surveypesa.co.ke/LOGOUT_LINK]
[surveypesa.co.ke/paid-surveys.html]
[surveypesa.co.ke/wp-content/plugins/jeg-elementor-kit/assets/js/sweetalert2/sweetalert2.min430c.css]
[surveypesa.co.ke/wp-content/plugins/user-registration/assets/fonts/UserRegistration.eot]
[surveypesa.co.ke/wp-content/cache/wpo-minify/1786367125/assets/wpo-minify-footer-user-registration-general1789102663.min.css]
[surveypesa.co.ke/wp-content/cache/wpo-minify/1786367125/assets/wpo-minify-footer-ltr-support1789102663.min.css]
[surveypesa.co.ke/wp-includes/fonts/dashicons7d4b.eot]
[surveypesa.co.ke/wp-includes/css/dashicons.min4d6f.css]
[surveypesa.co.ke/wp-content/cache/wpo-minify/1786367125/assets/wpo-minify-footer-ur-frontend-small-screen1789102663.min.css]
[surveypesa.co.ke/wp-content/plugins/elementor/assets/lib/animations/styles/e-animation-float.min4189.css]
[surveypesa.co.ke/wp-content/plugins/elementor/assets/css/widget-social-icons.min4189.css]
[surveypesa.co.ke/wp-content/plugins/elementor/assets/css/conditionals/apple-webkit.min4189.css]
[surveypesa.co.ke/wp-content/plugins/elementor/assets/css/widget-google_maps.min4189.css]
[surveypesa.co.ke/wp-content/cache/wpo-minify/1786367125/assets/wpo-minify-header-elementor-post-4291788956360.min.css]
[surveypesa.co.ke/wp-content/cache/wpo-minify/1786367125/assets/wpo-minify-header-metform-ui1788152340.min.css]
[surveypesa.co.ke/wp-content/cache/wpo-minify/1786367125/assets/wpo-minify-header-metform-style1788152340.min.css]
[surveypesa.co.ke/indexedce.html]
[surveypesa.co.ke/wp-content/cache/wpo-minify/1786367125/assets/wpo-minify-footer-elementor-post-4371788956361.min.css]
[surveypesa.co.ke/indexecc4.html]
[surveypesa.co.ke/wp-content/cache/wpo-minify/1786367125/assets/wpo-minify-header-elementor-post-6871788955328.min.css]
[surveypesa.co.ke/indexcbf7.html]
[surveypesa.co.ke/wp-content/cache/wpo-minify/1786367125/assets/wpo-minify-header-elementor-post-16871788953702.min.css]
[surveypesa.co.ke/index176d.html]
[surveypesa.co.ke/wp-content/cache/wpo-minify/1786367125/assets/wpo-minify-header-mpesa-stk-css1782402924.min.css]
[surveypesa.co.ke/wp-content/cache/wpo-minify/1786367125/assets/wpo-minify-header-elementor-post-17071788953156.min.css]
[surveypesa.co.ke/index8a2d.html]
[surveypesa.co.ke/wp-content/cache/wpo-minify/1786367125/assets/wpo-minify-header-elementor-post-17081788953407.min.css]
[surveypesa.co.ke/index13fe.html]
[surveypesa.co.ke/wp-content/cache/wpo-minify/1786367125/assets/wpo-minify-header-elementor-post-17091788953347.min.html]
[surveypesa.co.ke/indexea45.html]
[surveypesa.co.ke/indexc79d.html]
[surveypesa.co.ke/index4c50.html]
[surveypesa.co.ke/wp-includes/fonts/dashicons7d4b.ttf]
[surveypesa.co.ke/wp-content/plugins/elementor/assets/lib/font-awesome/webfonts/fa-brands-400.woff2]
[surveypesa.co.ke/wp-content/plugins/elementor/assets/lib/font-awesome/webfonts/fa-brands-400d41d.eot]
[surveypesa.co.ke/wp-content/plugins/elementor/assets/lib/font-awesome/webfonts/fa-brands-400.woff]
[surveypesa.co.ke/wp-content/plugins/elementor/assets/lib/font-awesome/webfonts/fa-brands-400.ttf]
[surveypesa.co.ke/wp-content/plugins/elementor/assets/lib/font-awesome/webfonts/fa-regular-400.eot]
[surveypesa.co.ke/wp-content/plugins/elementor/assets/lib/font-awesome/webfonts/fa-brands-400.svg]
[surveypesa.co.ke/wp-content/plugins/elementor/assets/lib/font-awesome/webfonts/fa-regular-400d41d.eot]
[surveypesa.co.ke/wp-content/plugins/elementor/assets/lib/font-awesome/webfonts/fa-regular-400.woff2]
[surveypesa.co.ke/wp-content/plugins/elementor/assets/lib/font-awesome/webfonts/fa-regular-400.woff]
[surveypesa.co.ke/wp-content/plugins/elementor/assets/lib/font-awesome/webfonts/fa-regular-400.ttf]
[surveypesa.co.ke/wp-content/plugins/elementor/assets/lib/font-awesome/webfonts/fa-regular-400.svg]
[surveypesa.co.ke/wp-content/plugins/elementor/assets/lib/font-awesome/webfonts/fa-solid-900.eot]
[surveypesa.co.ke/wp-content/plugins/elementor/assets/lib/font-awesome/webfonts/fa-solid-900d41d.eot]
[surveypesa.co.ke/wp-content/plugins/elementor/assets/lib/font-awesome/webfonts/fa-solid-900.woff2]
[surveypesa.co.ke/wp-content/plugins/elementor/assets/lib/font-awesome/webfonts/fa-solid-900.woff]
[surveypesa.co.ke/wp-content/plugins/elementor/assets/lib/font-awesome/webfonts/fa-solid-900.ttf]
[surveypesa.co.ke/wp-content/plugins/elementor/assets/lib/font-awesome/css/all.min4189.css]
[surveypesa.co.ke/wp-content/plugins/elementor/assets/lib/font-awesome/css/v4-shims.min4189.css]
[surveypesa.co.ke/wp-content/plugins/jeg-elementor-kit/assets/css/elements/mainecd5.css]
[surveypesa.co.ke/wp-content/uploads/elementor/css/post-13438196.css]
[surveypesa.co.ke/wp-content/plugins/metform/assets/libs/cute-alert/styleb2f9.css]
[surveypesa.co.ke/wp-content/plugins/metform/assets/libs/text-editor/text-editorb2f9.css]
[surveypesa.co.ke/wp-content/themes/hello-biz/assets/css/theme7359.css]
[surveypesa.co.ke/wp-content/themes/hello-biz/assets/css/header-footer7359.css]
[surveypesa.co.ke/wp-content/uploads/elementor/css/post-12738196.css]
[surveypesa.co.ke/wp-content/uploads/elementor/css/post-12758196.css]
[surveypesa.co.ke/wp-content/uploads/elementor/css/post-1289a24e.css]
[surveypesa.co.ke/wp-content/plugins/elementor/assets/lib/font-awesome/webfonts/fa-solid-900.svg]
[surveypesa.co.ke/wp-content/plugins/jeg-elementor-kit/assets/fonts/jkiticon/jkiticon7107.woff2]
[surveypesa.co.ke/wp-content/plugins/jeg-elementor-kit/assets/fonts/jkiticon/jkiticon7107.woff]
[surveypesa.co.ke/wp-content/plugins/jeg-elementor-kit/assets/fonts/jkiticon/jkiticon7107.eot]
[surveypesa.co.ke/wp-content/plugins/jeg-elementor-kit/assets/fonts/jkiticon/jkiticonecd5.css]
[surveypesa.co.ke/wp-content/plugins/elementor/assets/css/widget-divider.min4189.css]
[surveypesa.co.ke/wp-content/cache/wpo-minify/1786367125/assets/wpo-minify-header-elementor-post-13551788953078.min.css]
[surveypesa.co.ke/index42c4.html]
[surveypesa.co.ke/wp-content/plugins/jeg-elementor-kit/assets/fonts/jkiticon/jkiticon7107.svg]
[surveypesa.co.ke/category/online-jobs-kenya/feed]
[surveypesa.co.ke/wp-content/plugins/jeg-elementor-kit/assets/fonts/jkiticon/jkiticon7107.ttf]
[surveypesa.co.ke/wp-json/wp/v2/categories/38.json]
[surveypesa.co.ke/category/online-jobs-kenya.html]
[surveypesa.co.ke/indexd010.html]
[surveypesa.co.ke/category/paid-surveys-kenya/page/2.html]
[surveypesa.co.ke/category/paid-surveys-kenya/feed]
[surveypesa.co.ke/wp-json/wp/v2/categories/1.json]
[surveypesa.co.ke/category/paid-surveys-kenya.html]
[surveypesa.co.ke/registration.html]
[surveypesa.co.ke/indexe264.html]
[surveypesa.co.ke/index736e.html]
[surveypesa.co.ke/index676b.html]
[surveypesa.co.ke/index5dd3.html]
[surveypesa.co.ke/wp-json/oembed/1.0/embed7724.json]
[surveypesa.co.ke/wp-json/oembed/1.0/embed0372]
[surveypesa.co.ke/wp-json/wp/v2/posts/1611.json]
[surveypesa.co.ke/surveys-for-gift-cards.md]
[surveypesa.co.ke/surveys-for-gift-cards.html]
[surveypesa.co.ke/wp-content/cache/wpo-minify/1786367125/assets/wpo-minify-header-elementor-post-321788953195.min.css]
[surveypesa.co.ke/index6c46.html]
[surveypesa.co.ke/FAVICON.html]
[surveypesa.co.ke/paid-online-surveys.html]
[surveypesa.co.ke/wp-content/uploads/2026/01/New-Project-83.webp]
[surveypesa.co.ke/wp-json/oembed/1.0/embed33cf.json]
[surveypesa.co.ke/wp-json/oembed/1.0/embed0cda]
[surveypesa.co.ke/wp-content/cache/wpo-minify/1786367125/assets/wpo-minify-header-elementor-post-181788953157.min.css]
[surveypesa.co.ke/wp-json/wp/v2/pages/18.json]
[surveypesa.co.ke/wp-content/uploads/2026/01/New-Project-84.webp]
[surveypesa.co.ke/activation.html]
[surveypesa.co.ke/SUPPORT_LINK.html]
[surveypesa.co.ke/TERMS_LINK.html]
[surveypesa.co.ke/PRIVACY_LINK.html]
[surveypesa.co.ke/ABOUT_LINK.html]
[surveypesa.co.ke/LOGOUT_LINK.html]
[surveypesa.co.ke/wp-content/plugins/elementor/assets/lib/font-awesome/webfonts/fa-brands-400.svg]
[surveypesa.co.ke/wp-content/plugins/elementor/assets/lib/font-awesome/webfonts/fa-regular-400.svg]
[surveypesa.co.ke/wp-content/plugins/elementor/assets/lib/font-awesome/webfonts/fa-solid-900.svg]
[surveypesa.co.ke/wp-content/plugins/jeg-elementor-kit/assets/fonts/jkiticon/jkiticon7107.svg]
[surveypesa.co.ke/category/paid-surveys-kenya/page/2.html]
[surveypesa.co.ke/index93ac.html]
[surveypesa.co.ke/wp-json/oembed/1.0/embed8878.json]
[surveypesa.co.ke/wp-json/oembed/1.0/embed90ba]
[surveypesa.co.ke/wp-json/wp/v2/posts/1604.json]
[surveypesa.co.ke/paid-online-surveys.md]
[surveypesa.co.ke/paid-online-surveys.html]
[surveypesa.co.ke/wp-content/cache/wpo-minify/1786367125/assets/wpo-minify-header-elementor-post-181788953157.min.css]
[surveypesa.co.ke/index0735.html]
[surveypesa.co.ke/index6041.html]
[surveypesa.co.ke/survey-and-earn-daily-how-to-make-ksh-500-per-day-in-kenya.html]
[surveypesa.co.ke/wp-json/oembed/1.0/embedc7f1.json]
[surveypesa.co.ke/wp-json/oembed/1.0/embed48f3]
[surveypesa.co.ke/wp-json/wp/v2/posts/1615.json]
[surveypesa.co.ke/survey-and-earn-daily-how-to-make-ksh-500-per-day-in-kenya.md]
[surveypesa.co.ke/survey-and-earn-daily-how-to-make-ksh-500-per-day-in-kenya.html]
[surveypesa.co.ke/indexad4d.html]
[surveypesa.co.ke/money-for-surveys.html]
[surveypesa.co.ke/wp-json/oembed/1.0/embed3f91.json]
[surveypesa.co.ke/wp-json/oembed/1.0/embed1949]
[surveypesa.co.ke/wp-json/wp/v2/posts/1602.json]
[surveypesa.co.ke/money-for-surveys.md]
[surveypesa.co.ke/money-for-surveys.html]
[surveypesa.co.ke/indexc573.html]
[surveypesa.co.ke/are-online-surveys-legit.html]
[surveypesa.co.ke/wp-json/oembed/1.0/embeddedd.json]
[surveypesa.co.ke/wp-json/oembed/1.0/embedaadd]
[surveypesa.co.ke/wp-json/wp/v2/posts/1617.json]
[surveypesa.co.ke/are-online-surveys-legit.md]
[surveypesa.co.ke/are-online-surveys-legit.html]
[surveypesa.co.ke/index0143.html]
[surveypesa.co.ke/survey-and-earn-in-kenya.html]
[surveypesa.co.ke/wp-json/oembed/1.0/embed7ce1.json]
[surveypesa.co.ke/wp-json/oembed/1.0/embed7e89]
[surveypesa.co.ke/wp-json/wp/v2/posts/1597.json]
[surveypesa.co.ke/survey-and-earn-in-kenya.html]
[surveypesa.co.ke/survey-and-earn-in-kenya.md]
[surveypesa.co.ke/index6100.html]
